Resource Usage Report for MY_CUSTOM_FPGA_DESIGN_709E0BD6 

Mapping to part: mpfs025tfcvg484std
Cell usage:
AND2            1 use
AND4            1 use
CLKINT          7 uses
INIT            1 use
INV             2 uses
MSS             1 use
OSC_RC160MHZ    1 use
PLL             2 uses
CFG1           8 uses
CFG2           623 uses
CFG3           1107 uses
CFG4           1321 uses

Carry cells:
ARI1            1050 uses - used for arithmetic functions
ARI1            336 uses - used for Wide-Mux implementation
Total ARI1      1386 uses


Sequential Cells: 
SLE            3283 uses

DSP Blocks:    0 of 68 (0%)

I/O ports: 179
I/O primitives: 169
BIBUF          120 uses
BIBUF_DIFF     4 uses
INBUF          10 uses
INBUF_DIFF     3 uses
OUTBUF         29 uses
OUTBUF_DIFF    3 uses


Global Clock Buffers: 7

Total LUTs:    4445

Extra resources required for RAM and MACC_PA interface logic during P&R:

RAM64X12 Interface Logic : SLEs = 0; LUTs = 0;
RAM1K20  Interface Logic : SLEs = 72; LUTs = 72;
MACC_PA     Interface Logic : SLEs = 0; LUTs = 0;
MACC_PA_BC_ROM     Interface Logic : SLEs = 0; LUTs = 0;

Total number of SLEs after P&R:  3283 + 0 + 72 + 0 = 3355;
Total number of LUTs after P&R:  4445 + 0 + 72 + 0 = 4517;

